{"componentChunkName":"component---src-templates-planet-info-tsx","path":"/planets/GOLDEN","result":{"data":{"planet":{"id":"planet_GOLDEN","data":{"name":"GOLDEN","index":"01","x":3666416,"y":-4731653,"z":-785554},"childrenGuideEntry":[{"data":{"text":"FURTHER NOTES: LARGE, NOT CONSISTENT, COVERED WITH DENSE CLOUDS. NOT"}},{"data":{"text":"VERY REFLECTIVE, EVEN AT THIS DISTANCE FROM THE STAR. MANY LIGHTNING"}},{"data":{"text":"STORMS. SKINNYMON EPOC 6011 574.945"}}]}},"pageContext":{"slug":"/planets/GOLDEN"}}}